src/controllers/subscriptionController.ts(112,9): error TS2322: Type '{ companyId: string | undefined; amount: Decimal; durationDays: number; subscriptionStartDate: Date; subscriptionEndDate: Date; notes: any; createdBy: string; }' is not assignable to type '(Without<PaymentHistoryCreateInput, PaymentHistoryUncheckedCreateInput> & PaymentHistoryUncheckedCreateInput) | (Without<...> & PaymentHistoryCreateInput)'.
  Type '{ companyId: string | undefined; amount: Decimal; durationDays: number; subscriptionStartDate: Date; subscriptionEndDate: Date; notes: any; createdBy: string; }' is not assignable to type 'Without<PaymentHistoryUncheckedCreateInput, PaymentHistoryCreateInput> & PaymentHistoryCreateInput'.
    Type '{ companyId: string | undefined; amount: Decimal; durationDays: number; subscriptionStartDate: Date; subscriptionEndDate: Date; notes: any; createdBy: string; }' is not assignable to type 'Without<PaymentHistoryUncheckedCreateInput, PaymentHistoryCreateInput>'.
      Types of property 'companyId' are incompatible.
        Type 'string | undefined' is not assignable to type 'undefined'.
          Type 'string' is not assignable to type 'undefined'.
src/controllers/subscriptionController.ts(212,9): error TS2322: Type '{ companyId: string | undefined; amount: Decimal; durationDays: number; subscriptionStartDate: Date; subscriptionEndDate: Date; notes: any; createdBy: string; }' is not assignable to type '(Without<PaymentHistoryCreateInput, PaymentHistoryUncheckedCreateInput> & PaymentHistoryUncheckedCreateInput) | (Without<...> & PaymentHistoryCreateInput)'.
  Type '{ companyId: string | undefined; amount: Decimal; durationDays: number; subscriptionStartDate: Date; subscriptionEndDate: Date; notes: any; createdBy: string; }' is not assignable to type 'Without<PaymentHistoryUncheckedCreateInput, PaymentHistoryCreateInput> & PaymentHistoryCreateInput'.
    Type '{ companyId: string | undefined; amount: Decimal; durationDays: number; subscriptionStartDate: Date; subscriptionEndDate: Date; notes: any; createdBy: string; }' is not assignable to type 'Without<PaymentHistoryUncheckedCreateInput, PaymentHistoryCreateInput>'.
      Types of property 'companyId' are incompatible.
        Type 'string | undefined' is not assignable to type 'undefined'.
          Type 'string' is not assignable to type 'undefined'.
